---
source: src/db/tests.rs
expression: read_all_files_rows(&conn)
snapshot_kind: text
---
 SELECT * FROM files                                                                                                  
-------------------------------------------+--------------------------+-------------+---------------------------------
 path                                      | modified_since_epoch_sec | size        | checksum                        
 Text("some_other_folder/some_other_file") | Real(12.0)               | Integer(10) | Blob([10, 0, 0, 0, 0, 0, 0, 0])
